TAP version 13
# Subtest: real-v4: zeroForOne swap settles real AMM deltas and isolates operating reserve
ok 1 - real-v4: zeroForOne swap settles real AMM deltas and isolates operating reserve
  ---
  duration_ms: 2213.031667
  type: 'test'
  ...
# Subtest: real-v4: oneForZero swap settles real AMM deltas and isolates operating reserve
ok 2 - real-v4: oneForZero swap settles real AMM deltas and isolates operating reserve
  ---
  duration_ms: 207.792375
  type: 'test'
  ...
# Subtest: real-v4: native swap settles real AMM deltas and isolates operating reserve
ok 3 - real-v4: native swap settles real AMM deltas and isolates operating reserve
  ---
  duration_ms: 74.197458
  type: 'test'
  ...
# Subtest: real-v4: price-bound partial fill charges only real input, while impossible minimum output rolls back
ok 4 - real-v4: price-bound partial fill charges only real input, while impossible minimum output rolls back
  ---
  duration_ms: 80.17025
  type: 'test'
  ...
# Subtest: real-v4: contract owns real liquidity, harvests real fees, and removes it only after delay
ok 5 - real-v4: contract owns real liquidity, harvests real fees, and removes it only after delay
  ---
  duration_ms: 181.197083
  type: 'test'
  ...
# Subtest: real-v4: native platform swap survives hook synchronization of another currency
ok 6 - real-v4: native platform swap survives hook synchronization of another currency
  ---
  duration_ms: 57.788583
  type: 'test'
  ...
# Subtest: real-v4 regression: native revenue adapter clears currency synchronized by swap hook
ok 7 - real-v4 regression: native revenue adapter clears currency synchronized by swap hook
  ---
  duration_ms: 94.858875
  type: 'test'
  ...
# Subtest: custody regression: governance cannot be renounced because retained assets and LP exits require it
ok 8 - custody regression: governance cannot be renounced because retained assets and LP exits require it
  ---
  duration_ms: 14.201417
  type: 'test'
  ...
# Subtest: real-v4: failed LP minimum restores queued action, position and balances; valid retry succeeds
ok 9 - real-v4: failed LP minimum restores queued action, position and balances; valid retry succeeds
  ---
  duration_ms: 169.422208
  type: 'test'
  ...
# Subtest: real-v4: another caller cannot remove the treasury position through the public liquidity harness
ok 10 - real-v4: another caller cannot remove the treasury position through the public liquidity harness
  ---
  duration_ms: 96.011334
  type: 'test'
  ...
1..10
# tests 10
# suites 0
# pass 10
# fail 0
# cancelled 0
# skipped 0
# todo 0
# duration_ms 7388.131667
